95	1
96	1
)	2
adams	4
administration	2
africa	3
african	1
ag	2
agency	2
ahmed	4
aires	3
airways	2
akram	4
amsterdam	2
anwar	4
arabia	3
arafat	4
army	2
association	2
atherton	4
authority	2
baseball	1
bremen	2
bridge	3
brown	4
bucharest	2
campbell	4
catholic	1
centre	3
championship	1
championships	1
classic	1
clinton	4
co	2
coast	3
commission	2
corp	2
corp.	2
council	2
county	2
court	2
cup	1
day	1
delhi	3
democracy	2
department	2
desk	2
division	1
dortmund	2
east	3
eindhoven	2
europe	2
exchange	2
fe	2
front	2
games	1
golf	1
group	2
gulf	3
hill	4
hospital	3
house	3
i	2
inc	2
inc.	2
index	1
indies	3
international	2
ireland	3
island	3
islands	3
jerusalem	3
johnson	4
jones	4
khan	4
knight	4
kong	3
korea	3
korean	1
kurdish	1
kyi	4
lanka	3
league	1
lebed	4
leverkusen	2
lewis	4
louis	3
louis	2
ltd	2
madrid	2
malik	4
mariners	2
martin	4
martinez	4
masters	1
medical	2
ministry	2
moscow	2
munich	2
nations	2
netanyahu	4
netherlands	1
newsroom	2
nijmegen	2
ocean	3
office	2
open	1
organisation	2
oval	3
palace	2
party	2
pauli	2
paulo	3
plc	2
post	2
prix	1
prize	1
radio	2
rally	1
rangers	2
representatives	2
republic	3
rica	3
rose	4
rostock	2
rotterdam	2
russell	4
's	2
sea	3
series	1
service	2
silva	4
sittard	2
slam	1
sohail	4
sox	2
star	2
startup	2
states	3
stewart	4
street	3
teresa	4
tilburg	2
tour	1
town	3
union	2
united	2
university	2
vale	2
vicario	4
war	1
washington	4
waugh	4
yeltsin	4
york	2
york	3
younis	4
zealand	3
